Copyright 1986-2022 Xilinx, Inc. All Rights Reserved. Copyright 2022-2024 Advanced Micro Devices, Inc. All Rights Reserved.
---------------------------------------------------------------------------------------------------------------------------------------------------------------------------------------------------------------------------------------------
| Tool Version : Vivado v.2024.2 (win64) Build 5239630 Fri Nov 08 22:35:27 MST 2024
| Date         : Thu May  7 12:27:42 2026
| Host         : DESKTOP-PNADBHN running 64-bit major release  (build 9200)
| Command      : report_timing_summary -max_paths 10 -report_unconstrained -file fft_windowed_top_timing_summary_routed.rpt -pb fft_windowed_top_timing_summary_routed.pb -rpx fft_windowed_top_timing_summary_routed.rpx -warn_on_violation
| Design       : fft_windowed_top
| Device       : 7z020-clg400
| Speed File   : -1  PRODUCTION 1.12 2019-11-22
| Design State : Routed
---------------------------------------------------------------------------------------------------------------------------------------------------------------------------------------------------------------------------------------------

Timing Summary Report

------------------------------------------------------------------------------------------------
| Timer Settings
| --------------
------------------------------------------------------------------------------------------------

  Enable Multi Corner Analysis               :  Yes
  Enable Pessimism Removal                   :  Yes
  Pessimism Removal Resolution               :  Nearest Common Node
  Enable Input Delay Default Clock           :  No
  Enable Preset / Clear Arcs                 :  No
  Disable Flight Delays                      :  No
  Ignore I/O Paths                           :  No
  Timing Early Launch at Borrowing Latches   :  No
  Borrow Time for Max Delay Exceptions       :  Yes
  Merge Timing Exceptions                    :  Yes
  Inter-SLR Compensation                     :  Conservative

  Corner  Analyze    Analyze    
  Name    Max Paths  Min Paths  
  ------  ---------  ---------  
  Slow    Yes        Yes        
  Fast    Yes        Yes        


------------------------------------------------------------------------------------------------
| Report Methodology
| ------------------
------------------------------------------------------------------------------------------------

Rule       Severity          Description                                 Violations  
---------  ----------------  ------------------------------------------  ----------  
TIMING-17  Critical Warning  Non-clocked sequential cell                 1000        
SYNTH-6    Warning           Timing of a RAM block might be sub-optimal  1           

Note: This report is based on the most recent report_methodology run and may not be up-to-date. Run report_methodology on the current design for the latest report.



check_timing report

Table of Contents
-----------------
1. checking no_clock (3501)
2. checking constant_clock (0)
3. checking pulse_width_clock (0)
4. checking unconstrained_internal_endpoints (8306)
5. checking no_input_delay (27)
6. checking no_output_delay (70)
7. checking multiple_clock (0)
8. checking generated_clocks (0)
9. checking loops (0)
10. checking partial_input_delay (0)
11. checking partial_output_delay (0)
12. checking latch_loops (0)

1. checking no_clock (3501)
---------------------------
 There are 3501 register/latch pins with no clock driven by root clock pin: clk (HIGH)


2. checking constant_clock (0)
------------------------------
 There are 0 register/latch pins with constant_clock.


3. checking pulse_width_clock (0)
---------------------------------
 There are 0 register/latch pins which need pulse_width check


4. checking unconstrained_internal_endpoints (8306)
---------------------------------------------------
 There are 8306 pins that are not constrained for maximum delay. (HIGH)

 There are 0 pins that are not constrained for maximum delay due to constant clock.


5. checking no_input_delay (27)
-------------------------------
 There are 27 input ports with no input delay specified. (HIGH)

 There are 0 input ports with no input delay but user has a false path constraint.


6. checking no_output_delay (70)
--------------------------------
 There are 70 ports with no output delay specified. (HIGH)

 There are 0 ports with no output delay but user has a false path constraint

 There are 0 ports with no output delay but with a timing clock defined on it or propagating through it


7. checking multiple_clock (0)
------------------------------
 There are 0 register/latch pins with multiple clocks.


8. checking generated_clocks (0)
--------------------------------
 There are 0 generated clocks that are not connected to a clock source.


9. checking loops (0)
---------------------
 There are 0 combinational loops in the design.


10. checking partial_input_delay (0)
------------------------------------
 There are 0 input ports with partial input delay specified.


11. checking partial_output_delay (0)
-------------------------------------
 There are 0 ports with partial output delay specified.


12. checking latch_loops (0)
----------------------------
 There are 0 combinational latch loops in the design through latch input



------------------------------------------------------------------------------------------------
| Design Timing Summary
| ---------------------
------------------------------------------------------------------------------------------------

    WNS(ns)      TNS(ns)  TNS Failing Endpoints  TNS Total Endpoints      WHS(ns)      THS(ns)  THS Failing Endpoints  THS Total Endpoints     WPWS(ns)     TPWS(ns)  TPWS Failing Endpoints  TPWS Total Endpoints  
    -------      -------  ---------------------  -------------------      -------      -------  ---------------------  -------------------     --------     --------  ----------------------  --------------------  
        inf        0.000                      0                 8376          inf        0.000                      0                 8376           NA           NA                      NA                    NA  


There are no user specified timing constraints.


------------------------------------------------------------------------------------------------
| Clock Summary
| -------------
------------------------------------------------------------------------------------------------


------------------------------------------------------------------------------------------------
| Intra Clock Table
| -----------------
------------------------------------------------------------------------------------------------

Clock             WNS(ns)      TNS(ns)  TNS Failing Endpoints  TNS Total Endpoints      WHS(ns)      THS(ns)  THS Failing Endpoints  THS Total Endpoints     WPWS(ns)     TPWS(ns)  TPWS Failing Endpoints  TPWS Total Endpoints  
-----             -------      -------  ---------------------  -------------------      -------      -------  ---------------------  -------------------     --------     --------  ----------------------  --------------------  


------------------------------------------------------------------------------------------------
| Inter Clock Table
| -----------------
------------------------------------------------------------------------------------------------

From Clock    To Clock          WNS(ns)      TNS(ns)  TNS Failing Endpoints  TNS Total Endpoints      WHS(ns)      THS(ns)  THS Failing Endpoints  THS Total Endpoints  
----------    --------          -------      -------  ---------------------  -------------------      -------      -------  ---------------------  -------------------  


------------------------------------------------------------------------------------------------
| Other Path Groups Table
| -----------------------
------------------------------------------------------------------------------------------------

Path Group    From Clock    To Clock          WNS(ns)      TNS(ns)  TNS Failing Endpoints  TNS Total Endpoints      WHS(ns)      THS(ns)  THS Failing Endpoints  THS Total Endpoints  
----------    ----------    --------          -------      -------  ---------------------  -------------------      -------      -------  ---------------------  -------------------  


------------------------------------------------------------------------------------------------
| User Ignored Path Table
| -----------------------
------------------------------------------------------------------------------------------------

Path Group    From Clock    To Clock    
----------    ----------    --------    


------------------------------------------------------------------------------------------------
| Unconstrained Path Table
| ------------------------
------------------------------------------------------------------------------------------------

Path Group    From Clock    To Clock    
----------    ----------    --------    
(none)                                    


------------------------------------------------------------------------------------------------
| Timing Details
| --------------
------------------------------------------------------------------------------------------------


--------------------------------------------------------------------------------------
Path Group:  (none)
From Clock:  
  To Clock:  

Max Delay          8376 Endpoints
Min Delay          8376 Endpoints
--------------------------------------------------------------------------------------


Max Delay Paths
--------------------------------------------------------------------------------------
Slack:                    inf
  Source:                 <hidden>
                            (rising edge-triggered cell FDRE)
  Destination:            fft_abs_sq[22]
                            (output port)
  Path Group:             (none)
  Path Type:              Max at Slow Process Corner
  Data Path Delay:        17.622ns  (logic 8.611ns (48.866%)  route 9.011ns (51.134%))
  Logic Levels:           10  (CARRY4=6 DSP48E1=1 FDRE=1 LUT2=1 OBUF=1)

    Location             Delay type                Incr(ns)  Path(ns)    Netlist Resource(s)
  -------------------------------------------------------------------    -------------------
    SLICE_X108Y72        FDRE                         0.000     0.000 r  <hidden>
    SLICE_X108Y72        FDRE (Prop_fdre_C_Q)         0.518     0.518 r  <hidden>
                         net (fo=26, routed)          1.657     2.175    u_abs_sq/m_axis_data_tdata[23]
    DSP48_X4Y25          DSP48E1 (Prop_dsp48e1_A[28]_P[0])
                                                      3.841     6.016 r  u_abs_sq/imag_sq/P[0]
                         net (fo=1, routed)           1.305     7.321    u_abs_sq/imag_sq__0[0]
    SLICE_X102Y56        LUT2 (Prop_lut2_I1_O)        0.124     7.445 r  u_abs_sq/fft_abs_sq_OBUF[3]_inst_i_5/O
                         net (fo=1, routed)           0.000     7.445    u_abs_sq/fft_abs_sq_OBUF[3]_inst_i_5_n_0
    SLICE_X102Y56        CARRY4 (Prop_carry4_S[0]_CO[3])
                                                      0.513     7.958 r  u_abs_sq/fft_abs_sq_OBUF[3]_inst_i_1/CO[3]
                         net (fo=1, routed)           0.000     7.958    u_abs_sq/fft_abs_sq_OBUF[3]_inst_i_1_n_0
    SLICE_X102Y57        CARRY4 (Prop_carry4_CI_CO[3])
                                                      0.117     8.075 r  u_abs_sq/fft_abs_sq_OBUF[7]_inst_i_1/CO[3]
                         net (fo=1, routed)           0.000     8.075    u_abs_sq/fft_abs_sq_OBUF[7]_inst_i_1_n_0
    SLICE_X102Y58        CARRY4 (Prop_carry4_CI_CO[3])
                                                      0.117     8.192 r  u_abs_sq/fft_abs_sq_OBUF[11]_inst_i_1/CO[3]
                         net (fo=1, routed)           0.000     8.192    u_abs_sq/fft_abs_sq_OBUF[11]_inst_i_1_n_0
    SLICE_X102Y59        CARRY4 (Prop_carry4_CI_CO[3])
                                                      0.117     8.309 r  u_abs_sq/fft_abs_sq_OBUF[15]_inst_i_1/CO[3]
                         net (fo=1, routed)           0.000     8.309    u_abs_sq/fft_abs_sq_OBUF[15]_inst_i_1_n_0
    SLICE_X102Y60        CARRY4 (Prop_carry4_CI_CO[3])
                                                      0.117     8.426 r  u_abs_sq/fft_abs_sq_OBUF[19]_inst_i_1/CO[3]
                         net (fo=1, routed)           0.000     8.426    u_abs_sq/fft_abs_sq_OBUF[19]_inst_i_1_n_0
    SLICE_X102Y61        CARRY4 (Prop_carry4_CI_O[2])
                                                      0.256     8.682 r  u_abs_sq/fft_abs_sq_OBUF[23]_inst_i_1/O[2]
                         net (fo=5, routed)           6.049    14.731    fft_abs_sq_OBUF[22]
    V7                   OBUF (Prop_obuf_I_O)         2.891    17.622 r  fft_abs_sq_OBUF[22]_inst/O
                         net (fo=0)                   0.000    17.622    fft_abs_sq[22]
    V7                                                                r  fft_abs_sq[22] (OUT)
  -------------------------------------------------------------------    -------------------

Slack:                    inf
  Source:                 <hidden>
                            (rising edge-triggered cell FDRE)
  Destination:            fft_abs_sq[15]
                            (output port)
  Path Group:             (none)
  Path Type:              Max at Slow Process Corner
  Data Path Delay:        17.562ns  (logic 8.459ns (48.165%)  route 9.103ns (51.835%))
  Logic Levels:           8  (CARRY4=4 DSP48E1=1 FDRE=1 LUT2=1 OBUF=1)

    Location             Delay type                Incr(ns)  Path(ns)    Netlist Resource(s)
  -------------------------------------------------------------------    -------------------
    SLICE_X108Y72        FDRE                         0.000     0.000 r  <hidden>
    SLICE_X108Y72        FDRE (Prop_fdre_C_Q)         0.518     0.518 r  <hidden>
                         net (fo=26, routed)          1.657     2.175    u_abs_sq/m_axis_data_tdata[23]
    DSP48_X4Y25          DSP48E1 (Prop_dsp48e1_A[28]_P[0])
                                                      3.841     6.016 r  u_abs_sq/imag_sq/P[0]
                         net (fo=1, routed)           1.305     7.321    u_abs_sq/imag_sq__0[0]
    SLICE_X102Y56        LUT2 (Prop_lut2_I1_O)        0.124     7.445 r  u_abs_sq/fft_abs_sq_OBUF[3]_inst_i_5/O
                         net (fo=1, routed)           0.000     7.445    u_abs_sq/fft_abs_sq_OBUF[3]_inst_i_5_n_0
    SLICE_X102Y56        CARRY4 (Prop_carry4_S[0]_CO[3])
                                                      0.513     7.958 r  u_abs_sq/fft_abs_sq_OBUF[3]_inst_i_1/CO[3]
                         net (fo=1, routed)           0.000     7.958    u_abs_sq/fft_abs_sq_OBUF[3]_inst_i_1_n_0
    SLICE_X102Y57        CARRY4 (Prop_carry4_CI_CO[3])
                                                      0.117     8.075 r  u_abs_sq/fft_abs_sq_OBUF[7]_inst_i_1/CO[3]
                         net (fo=1, routed)           0.000     8.075    u_abs_sq/fft_abs_sq_OBUF[7]_inst_i_1_n_0
    SLICE_X102Y58        CARRY4 (Prop_carry4_CI_CO[3])
                                                      0.117     8.192 r  u_abs_sq/fft_abs_sq_OBUF[11]_inst_i_1/CO[3]
                         net (fo=1, routed)           0.000     8.192    u_abs_sq/fft_abs_sq_OBUF[11]_inst_i_1_n_0
    SLICE_X102Y59        CARRY4 (Prop_carry4_CI_O[3])
                                                      0.331     8.523 r  u_abs_sq/fft_abs_sq_OBUF[15]_inst_i_1/O[3]
                         net (fo=5, routed)           6.142    14.664    fft_abs_sq_OBUF[15]
    V8                   OBUF (Prop_obuf_I_O)         2.898    17.562 r  fft_abs_sq_OBUF[15]_inst/O
                         net (fo=0)                   0.000    17.562    fft_abs_sq[15]
    V8                                                                r  fft_abs_sq[15] (OUT)
  -------------------------------------------------------------------    -------------------

Slack:                    inf
  Source:                 <hidden>
                            (rising edge-triggered cell FDRE)
  Destination:            fft_abs_sq[16]
                            (output port)
  Path Group:             (none)
  Path Type:              Max at Slow Process Corner
  Data Path Delay:        17.531ns  (logic 8.426ns (48.066%)  route 9.105ns (51.934%))
  Logic Levels:           9  (CARRY4=5 DSP48E1=1 FDRE=1 LUT2=1 OBUF=1)

    Location             Delay type                Incr(ns)  Path(ns)    Netlist Resource(s)
  -------------------------------------------------------------------    -------------------
    SLICE_X108Y72        FDRE                         0.000     0.000 r  <hidden>
    SLICE_X108Y72        FDRE (Prop_fdre_C_Q)         0.518     0.518 r  <hidden>
                         net (fo=26, routed)          1.657     2.175    u_abs_sq/m_axis_data_tdata[23]
    DSP48_X4Y25          DSP48E1 (Prop_dsp48e1_A[28]_P[0])
                                                      3.841     6.016 r  u_abs_sq/imag_sq/P[0]
                         net (fo=1, routed)           1.305     7.321    u_abs_sq/imag_sq__0[0]
    SLICE_X102Y56        LUT2 (Prop_lut2_I1_O)        0.124     7.445 r  u_abs_sq/fft_abs_sq_OBUF[3]_inst_i_5/O
                         net (fo=1, routed)           0.000     7.445    u_abs_sq/fft_abs_sq_OBUF[3]_inst_i_5_n_0
    SLICE_X102Y56        CARRY4 (Prop_carry4_S[0]_CO[3])
                                                      0.513     7.958 r  u_abs_sq/fft_abs_sq_OBUF[3]_inst_i_1/CO[3]
                         net (fo=1, routed)           0.000     7.958    u_abs_sq/fft_abs_sq_OBUF[3]_inst_i_1_n_0
    SLICE_X102Y57        CARRY4 (Prop_carry4_CI_CO[3])
                                                      0.117     8.075 r  u_abs_sq/fft_abs_sq_OBUF[7]_inst_i_1/CO[3]
                         net (fo=1, routed)           0.000     8.075    u_abs_sq/fft_abs_sq_OBUF[7]_inst_i_1_n_0
    SLICE_X102Y58        CARRY4 (Prop_carry4_CI_CO[3])
                                                      0.117     8.192 r  u_abs_sq/fft_abs_sq_OBUF[11]_inst_i_1/CO[3]
                         net (fo=1, routed)           0.000     8.192    u_abs_sq/fft_abs_sq_OBUF[11]_inst_i_1_n_0
    SLICE_X102Y59        CARRY4 (Prop_carry4_CI_CO[3])
                                                      0.117     8.309 r  u_abs_sq/fft_abs_sq_OBUF[15]_inst_i_1/CO[3]
                         net (fo=1, routed)           0.000     8.309    u_abs_sq/fft_abs_sq_OBUF[15]_inst_i_1_n_0
    SLICE_X102Y60        CARRY4 (Prop_carry4_CI_O[0])
                                                      0.232     8.541 r  u_abs_sq/fft_abs_sq_OBUF[19]_inst_i_1/O[0]
                         net (fo=5, routed)           6.143    14.684    fft_abs_sq_OBUF[16]
    Y8                   OBUF (Prop_obuf_I_O)         2.847    17.531 r  fft_abs_sq_OBUF[16]_inst/O
                         net (fo=0)                   0.000    17.531    fft_abs_sq[16]
    Y8                                                                r  fft_abs_sq[16] (OUT)
  -------------------------------------------------------------------    -------------------

Slack:                    inf
  Source:                 <hidden>
                            (rising edge-triggered cell FDRE)
  Destination:            fft_abs_sq[8]
                            (output port)
  Path Group:             (none)
  Path Type:              Max at Slow Process Corner
  Data Path Delay:        17.508ns  (logic 8.197ns (46.820%)  route 9.311ns (53.180%))
  Logic Levels:           7  (CARRY4=3 DSP48E1=1 FDRE=1 LUT2=1 OBUF=1)

    Location             Delay type                Incr(ns)  Path(ns)    Netlist Resource(s)
  -------------------------------------------------------------------    -------------------
    SLICE_X108Y72        FDRE                         0.000     0.000 r  <hidden>
    SLICE_X108Y72        FDRE (Prop_fdre_C_Q)         0.518     0.518 r  <hidden>
                         net (fo=26, routed)          1.657     2.175    u_abs_sq/m_axis_data_tdata[23]
    DSP48_X4Y25          DSP48E1 (Prop_dsp48e1_A[28]_P[0])
                                                      3.841     6.016 r  u_abs_sq/imag_sq/P[0]
                         net (fo=1, routed)           1.305     7.321    u_abs_sq/imag_sq__0[0]
    SLICE_X102Y56        LUT2 (Prop_lut2_I1_O)        0.124     7.445 r  u_abs_sq/fft_abs_sq_OBUF[3]_inst_i_5/O
                         net (fo=1, routed)           0.000     7.445    u_abs_sq/fft_abs_sq_OBUF[3]_inst_i_5_n_0
    SLICE_X102Y56        CARRY4 (Prop_carry4_S[0]_CO[3])
                                                      0.513     7.958 r  u_abs_sq/fft_abs_sq_OBUF[3]_inst_i_1/CO[3]
                         net (fo=1, routed)           0.000     7.958    u_abs_sq/fft_abs_sq_OBUF[3]_inst_i_1_n_0
    SLICE_X102Y57        CARRY4 (Prop_carry4_CI_CO[3])
                                                      0.117     8.075 r  u_abs_sq/fft_abs_sq_OBUF[7]_inst_i_1/CO[3]
                         net (fo=1, routed)           0.000     8.075    u_abs_sq/fft_abs_sq_OBUF[7]_inst_i_1_n_0
    SLICE_X102Y58        CARRY4 (Prop_carry4_CI_O[0])
                                                      0.232     8.307 r  u_abs_sq/fft_abs_sq_OBUF[11]_inst_i_1/O[0]
                         net (fo=5, routed)           6.349    14.656    fft_abs_sq_OBUF[8]
    Y11                  OBUF (Prop_obuf_I_O)         2.852    17.508 r  fft_abs_sq_OBUF[8]_inst/O
                         net (fo=0)                   0.000    17.508    fft_abs_sq[8]
    Y11                                                               r  fft_abs_sq[8] (OUT)
  -------------------------------------------------------------------    -------------------

Slack:                    inf
  Source:                 <hidden>
                            (rising edge-triggered cell FDRE)
  Destination:            fft_abs_sq[14]
                            (output port)
  Path Group:             (none)
  Path Type:              Max at Slow Process Corner
  Data Path Delay:        17.504ns  (logic 8.378ns (47.863%)  route 9.126ns (52.137%))
  Logic Levels:           8  (CARRY4=4 DSP48E1=1 FDRE=1 LUT2=1 OBUF=1)

    Location             Delay type                Incr(ns)  Path(ns)    Netlist Resource(s)
  -------------------------------------------------------------------    -------------------
    SLICE_X108Y72        FDRE                         0.000     0.000 r  <hidden>
    SLICE_X108Y72        FDRE (Prop_fdre_C_Q)         0.518     0.518 r  <hidden>
                         net (fo=26, routed)          1.657     2.175    u_abs_sq/m_axis_data_tdata[23]
    DSP48_X4Y25          DSP48E1 (Prop_dsp48e1_A[28]_P[0])
                                                      3.841     6.016 r  u_abs_sq/imag_sq/P[0]
                         net (fo=1, routed)           1.305     7.321    u_abs_sq/imag_sq__0[0]
    SLICE_X102Y56        LUT2 (Prop_lut2_I1_O)        0.124     7.445 r  u_abs_sq/fft_abs_sq_OBUF[3]_inst_i_5/O
                         net (fo=1, routed)           0.000     7.445    u_abs_sq/fft_abs_sq_OBUF[3]_inst_i_5_n_0
    SLICE_X102Y56        CARRY4 (Prop_carry4_S[0]_CO[3])
                                                      0.513     7.958 r  u_abs_sq/fft_abs_sq_OBUF[3]_inst_i_1/CO[3]
                         net (fo=1, routed)           0.000     7.958    u_abs_sq/fft_abs_sq_OBUF[3]_inst_i_1_n_0
    SLICE_X102Y57        CARRY4 (Prop_carry4_CI_CO[3])
                                                      0.117     8.075 r  u_abs_sq/fft_abs_sq_OBUF[7]_inst_i_1/CO[3]
                         net (fo=1, routed)           0.000     8.075    u_abs_sq/fft_abs_sq_OBUF[7]_inst_i_1_n_0
    SLICE_X102Y58        CARRY4 (Prop_carry4_CI_CO[3])
                                                      0.117     8.192 r  u_abs_sq/fft_abs_sq_OBUF[11]_inst_i_1/CO[3]
                         net (fo=1, routed)           0.000     8.192    u_abs_sq/fft_abs_sq_OBUF[11]_inst_i_1_n_0
    SLICE_X102Y59        CARRY4 (Prop_carry4_CI_O[2])
                                                      0.256     8.448 r  u_abs_sq/fft_abs_sq_OBUF[15]_inst_i_1/O[2]
                         net (fo=5, routed)           6.165    14.612    fft_abs_sq_OBUF[14]
    W8                   OBUF (Prop_obuf_I_O)         2.892    17.504 r  fft_abs_sq_OBUF[14]_inst/O
                         net (fo=0)                   0.000    17.504    fft_abs_sq[14]
    W8                                                                r  fft_abs_sq[14] (OUT)
  -------------------------------------------------------------------    -------------------

Slack:                    inf
  Source:                 <hidden>
                            (rising edge-triggered cell FDRE)
  Destination:            fft_abs_sq[5]
                            (output port)
  Path Group:             (none)
  Path Type:              Max at Slow Process Corner
  Data Path Delay:        17.485ns  (logic 8.210ns (46.955%)  route 9.275ns (53.045%))
  Logic Levels:           6  (CARRY4=2 DSP48E1=1 FDRE=1 LUT2=1 OBUF=1)

    Location             Delay type                Incr(ns)  Path(ns)    Netlist Resource(s)
  -------------------------------------------------------------------    -------------------
    SLICE_X108Y72        FDRE                         0.000     0.000 r  <hidden>
    SLICE_X108Y72        FDRE (Prop_fdre_C_Q)         0.518     0.518 r  <hidden>
                         net (fo=26, routed)          1.657     2.175    u_abs_sq/m_axis_data_tdata[23]
    DSP48_X4Y25          DSP48E1 (Prop_dsp48e1_A[28]_P[0])
                                                      3.841     6.016 r  u_abs_sq/imag_sq/P[0]
                         net (fo=1, routed)           1.305     7.321    u_abs_sq/imag_sq__0[0]
    SLICE_X102Y56        LUT2 (Prop_lut2_I1_O)        0.124     7.445 r  u_abs_sq/fft_abs_sq_OBUF[3]_inst_i_5/O
                         net (fo=1, routed)           0.000     7.445    u_abs_sq/fft_abs_sq_OBUF[3]_inst_i_5_n_0
    SLICE_X102Y56        CARRY4 (Prop_carry4_S[0]_CO[3])
                                                      0.513     7.958 r  u_abs_sq/fft_abs_sq_OBUF[3]_inst_i_1/CO[3]
                         net (fo=1, routed)           0.000     7.958    u_abs_sq/fft_abs_sq_OBUF[3]_inst_i_1_n_0
    SLICE_X102Y57        CARRY4 (Prop_carry4_CI_O[1])
                                                      0.337     8.295 r  u_abs_sq/fft_abs_sq_OBUF[7]_inst_i_1/O[1]
                         net (fo=5, routed)           6.313    14.608    fft_abs_sq_OBUF[5]
    Y12                  OBUF (Prop_obuf_I_O)         2.877    17.485 r  fft_abs_sq_OBUF[5]_inst/O
                         net (fo=0)                   0.000    17.485    fft_abs_sq[5]
    Y12                                                               r  fft_abs_sq[5] (OUT)
  -------------------------------------------------------------------    -------------------

Slack:                    inf
  Source:                 <hidden>
                            (rising edge-triggered cell FDRE)
  Destination:            fft_abs_sq[19]
                            (output port)
  Path Group:             (none)
  Path Type:              Max at Slow Process Corner
  Data Path Delay:        17.458ns  (logic 8.522ns (48.812%)  route 8.937ns (51.188%))
  Logic Levels:           9  (CARRY4=5 DSP48E1=1 FDRE=1 LUT2=1 OBUF=1)

    Location             Delay type                Incr(ns)  Path(ns)    Netlist Resource(s)
  -------------------------------------------------------------------    -------------------
    SLICE_X108Y72        FDRE                         0.000     0.000 r  <hidden>
    SLICE_X108Y72        FDRE (Prop_fdre_C_Q)         0.518     0.518 r  <hidden>
                         net (fo=26, routed)          1.657     2.175    u_abs_sq/m_axis_data_tdata[23]
    DSP48_X4Y25          DSP48E1 (Prop_dsp48e1_A[28]_P[0])
                                                      3.841     6.016 r  u_abs_sq/imag_sq/P[0]
                         net (fo=1, routed)           1.305     7.321    u_abs_sq/imag_sq__0[0]
    SLICE_X102Y56        LUT2 (Prop_lut2_I1_O)        0.124     7.445 r  u_abs_sq/fft_abs_sq_OBUF[3]_inst_i_5/O
                         net (fo=1, routed)           0.000     7.445    u_abs_sq/fft_abs_sq_OBUF[3]_inst_i_5_n_0
    SLICE_X102Y56        CARRY4 (Prop_carry4_S[0]_CO[3])
                                                      0.513     7.958 r  u_abs_sq/fft_abs_sq_OBUF[3]_inst_i_1/CO[3]
                         net (fo=1, routed)           0.000     7.958    u_abs_sq/fft_abs_sq_OBUF[3]_inst_i_1_n_0
    SLICE_X102Y57        CARRY4 (Prop_carry4_CI_CO[3])
                                                      0.117     8.075 r  u_abs_sq/fft_abs_sq_OBUF[7]_inst_i_1/CO[3]
                         net (fo=1, routed)           0.000     8.075    u_abs_sq/fft_abs_sq_OBUF[7]_inst_i_1_n_0
    SLICE_X102Y58        CARRY4 (Prop_carry4_CI_CO[3])
                                                      0.117     8.192 r  u_abs_sq/fft_abs_sq_OBUF[11]_inst_i_1/CO[3]
                         net (fo=1, routed)           0.000     8.192    u_abs_sq/fft_abs_sq_OBUF[11]_inst_i_1_n_0
    SLICE_X102Y59        CARRY4 (Prop_carry4_CI_CO[3])
                                                      0.117     8.309 r  u_abs_sq/fft_abs_sq_OBUF[15]_inst_i_1/CO[3]
                         net (fo=1, routed)           0.000     8.309    u_abs_sq/fft_abs_sq_OBUF[15]_inst_i_1_n_0
    SLICE_X102Y60        CARRY4 (Prop_carry4_CI_O[3])
                                                      0.331     8.640 r  u_abs_sq/fft_abs_sq_OBUF[19]_inst_i_1/O[3]
                         net (fo=5, routed)           5.975    14.615    fft_abs_sq_OBUF[19]
    Y7                   OBUF (Prop_obuf_I_O)         2.844    17.458 r  fft_abs_sq_OBUF[19]_inst/O
                         net (fo=0)                   0.000    17.458    fft_abs_sq[19]
    Y7                                                                r  fft_abs_sq[19] (OUT)
  -------------------------------------------------------------------    -------------------

Slack:                    inf
  Source:                 <hidden>
                            (rising edge-triggered cell FDRE)
  Destination:            fft_abs_sq[7]
                            (output port)
  Path Group:             (none)
  Path Type:              Max at Slow Process Corner
  Data Path Delay:        17.441ns  (logic 8.173ns (46.864%)  route 9.267ns (53.136%))
  Logic Levels:           6  (CARRY4=2 DSP48E1=1 FDRE=1 LUT2=1 OBUF=1)

    Location             Delay type                Incr(ns)  Path(ns)    Netlist Resource(s)
  -------------------------------------------------------------------    -------------------
    SLICE_X108Y72        FDRE                         0.000     0.000 r  <hidden>
    SLICE_X108Y72        FDRE (Prop_fdre_C_Q)         0.518     0.518 r  <hidden>
                         net (fo=26, routed)          1.657     2.175    u_abs_sq/m_axis_data_tdata[23]
    DSP48_X4Y25          DSP48E1 (Prop_dsp48e1_A[28]_P[0])
                                                      3.841     6.016 r  u_abs_sq/imag_sq/P[0]
                         net (fo=1, routed)           1.305     7.321    u_abs_sq/imag_sq__0[0]
    SLICE_X102Y56        LUT2 (Prop_lut2_I1_O)        0.124     7.445 r  u_abs_sq/fft_abs_sq_OBUF[3]_inst_i_5/O
                         net (fo=1, routed)           0.000     7.445    u_abs_sq/fft_abs_sq_OBUF[3]_inst_i_5_n_0
    SLICE_X102Y56        CARRY4 (Prop_carry4_S[0]_CO[3])
                                                      0.513     7.958 r  u_abs_sq/fft_abs_sq_OBUF[3]_inst_i_1/CO[3]
                         net (fo=1, routed)           0.000     7.958    u_abs_sq/fft_abs_sq_OBUF[3]_inst_i_1_n_0
    SLICE_X102Y57        CARRY4 (Prop_carry4_CI_O[3])
                                                      0.331     8.289 r  u_abs_sq/fft_abs_sq_OBUF[7]_inst_i_1/O[3]
                         net (fo=5, routed)           6.306    14.594    fft_abs_sq_OBUF[7]
    T5                   OBUF (Prop_obuf_I_O)         2.846    17.441 r  fft_abs_sq_OBUF[7]_inst/O
                         net (fo=0)                   0.000    17.441    fft_abs_sq[7]
    T5                                                                r  fft_abs_sq[7] (OUT)
  -------------------------------------------------------------------    -------------------

Slack:                    inf
  Source:                 <hidden>
                            (rising edge-triggered cell FDRE)
  Destination:            fft_abs_sq[11]
                            (output port)
  Path Group:             (none)
  Path Type:              Max at Slow Process Corner
  Data Path Delay:        17.434ns  (logic 8.315ns (47.693%)  route 9.119ns (52.307%))
  Logic Levels:           7  (CARRY4=3 DSP48E1=1 FDRE=1 LUT2=1 OBUF=1)

    Location             Delay type                Incr(ns)  Path(ns)    Netlist Resource(s)
  -------------------------------------------------------------------    -------------------
    SLICE_X108Y72        FDRE                         0.000     0.000 r  <hidden>
    SLICE_X108Y72        FDRE (Prop_fdre_C_Q)         0.518     0.518 r  <hidden>
                         net (fo=26, routed)          1.657     2.175    u_abs_sq/m_axis_data_tdata[23]
    DSP48_X4Y25          DSP48E1 (Prop_dsp48e1_A[28]_P[0])
                                                      3.841     6.016 r  u_abs_sq/imag_sq/P[0]
                         net (fo=1, routed)           1.305     7.321    u_abs_sq/imag_sq__0[0]
    SLICE_X102Y56        LUT2 (Prop_lut2_I1_O)        0.124     7.445 r  u_abs_sq/fft_abs_sq_OBUF[3]_inst_i_5/O
                         net (fo=1, routed)           0.000     7.445    u_abs_sq/fft_abs_sq_OBUF[3]_inst_i_5_n_0
    SLICE_X102Y56        CARRY4 (Prop_carry4_S[0]_CO[3])
                                                      0.513     7.958 r  u_abs_sq/fft_abs_sq_OBUF[3]_inst_i_1/CO[3]
                         net (fo=1, routed)           0.000     7.958    u_abs_sq/fft_abs_sq_OBUF[3]_inst_i_1_n_0
    SLICE_X102Y57        CARRY4 (Prop_carry4_CI_CO[3])
                                                      0.117     8.075 r  u_abs_sq/fft_abs_sq_OBUF[7]_inst_i_1/CO[3]
                         net (fo=1, routed)           0.000     8.075    u_abs_sq/fft_abs_sq_OBUF[7]_inst_i_1_n_0
    SLICE_X102Y58        CARRY4 (Prop_carry4_CI_O[3])
                                                      0.331     8.406 r  u_abs_sq/fft_abs_sq_OBUF[11]_inst_i_1/O[3]
                         net (fo=5, routed)           6.157    14.563    fft_abs_sq_OBUF[11]
    U9                   OBUF (Prop_obuf_I_O)         2.871    17.434 r  fft_abs_sq_OBUF[11]_inst/O
                         net (fo=0)                   0.000    17.434    fft_abs_sq[11]
    U9                                                                r  fft_abs_sq[11] (OUT)
  -------------------------------------------------------------------    -------------------

Slack:                    inf
  Source:                 <hidden>
                            (rising edge-triggered cell FDRE)
  Destination:            fft_abs_sq[20]
                            (output port)
  Path Group:             (none)
  Path Type:              Max at Slow Process Corner
  Data Path Delay:        17.429ns  (logic 8.522ns (48.894%)  route 8.907ns (51.106%))
  Logic Levels:           10  (CARRY4=6 DSP48E1=1 FDRE=1 LUT2=1 OBUF=1)

    Location             Delay type                Incr(ns)  Path(ns)    Netlist Resource(s)
  -------------------------------------------------------------------    -------------------
    SLICE_X108Y72        FDRE                         0.000     0.000 r  <hidden>
    SLICE_X108Y72        FDRE (Prop_fdre_C_Q)         0.518     0.518 r  <hidden>
                         net (fo=26, routed)          1.657     2.175    u_abs_sq/m_axis_data_tdata[23]
    DSP48_X4Y25          DSP48E1 (Prop_dsp48e1_A[28]_P[0])
                                                      3.841     6.016 r  u_abs_sq/imag_sq/P[0]
                         net (fo=1, routed)           1.305     7.321    u_abs_sq/imag_sq__0[0]
    SLICE_X102Y56        LUT2 (Prop_lut2_I1_O)        0.124     7.445 r  u_abs_sq/fft_abs_sq_OBUF[3]_inst_i_5/O
                         net (fo=1, routed)           0.000     7.445    u_abs_sq/fft_abs_sq_OBUF[3]_inst_i_5_n_0
    SLICE_X102Y56        CARRY4 (Prop_carry4_S[0]_CO[3])
                                                      0.513     7.958 r  u_abs_sq/fft_abs_sq_OBUF[3]_inst_i_1/CO[3]
                         net (fo=1, routed)           0.000     7.958    u_abs_sq/fft_abs_sq_OBUF[3]_inst_i_1_n_0
    SLICE_X102Y57        CARRY4 (Prop_carry4_CI_CO[3])
                                                      0.117     8.075 r  u_abs_sq/fft_abs_sq_OBUF[7]_inst_i_1/CO[3]
                         net (fo=1, routed)           0.000     8.075    u_abs_sq/fft_abs_sq_OBUF[7]_inst_i_1_n_0
    SLICE_X102Y58        CARRY4 (Prop_carry4_CI_CO[3])
                                                      0.117     8.192 r  u_abs_sq/fft_abs_sq_OBUF[11]_inst_i_1/CO[3]
                         net (fo=1, routed)           0.000     8.192    u_abs_sq/fft_abs_sq_OBUF[11]_inst_i_1_n_0
    SLICE_X102Y59        CARRY4 (Prop_carry4_CI_CO[3])
                                                      0.117     8.309 r  u_abs_sq/fft_abs_sq_OBUF[15]_inst_i_1/CO[3]
                         net (fo=1, routed)           0.000     8.309    u_abs_sq/fft_abs_sq_OBUF[15]_inst_i_1_n_0
    SLICE_X102Y60        CARRY4 (Prop_carry4_CI_CO[3])
                                                      0.117     8.426 r  u_abs_sq/fft_abs_sq_OBUF[19]_inst_i_1/CO[3]
                         net (fo=1, routed)           0.000     8.426    u_abs_sq/fft_abs_sq_OBUF[19]_inst_i_1_n_0
    SLICE_X102Y61        CARRY4 (Prop_carry4_CI_O[0])
                                                      0.232     8.658 r  u_abs_sq/fft_abs_sq_OBUF[23]_inst_i_1/O[0]
                         net (fo=5, routed)           5.946    14.603    fft_abs_sq_OBUF[20]
    U10                  OBUF (Prop_obuf_I_O)         2.826    17.429 r  fft_abs_sq_OBUF[20]_inst/O
                         net (fo=0)                   0.000    17.429    fft_abs_sq[20]
    U10                                                               r  fft_abs_sq[20] (OUT)
  -------------------------------------------------------------------    -------------------





Min Delay Paths
--------------------------------------------------------------------------------------
Slack:                    inf
  Source:                 <hidden>
                            (rising edge-triggered cell FDRE)
  Destination:            <hidden>
  Path Group:             (none)
  Path Type:              Min at Fast Process Corner
  Data Path Delay:        0.183ns  (logic 0.128ns (69.867%)  route 0.055ns (30.133%))
  Logic Levels:           1  (FDRE=1)

    Location             Delay type                Incr(ns)  Path(ns)    Netlist Resource(s)
  -------------------------------------------------------------------    -------------------
    SLICE_X95Y67         FDRE                         0.000     0.000 r  <hidden>
    SLICE_X95Y67         FDRE (Prop_fdre_C_Q)         0.128     0.128 r  <hidden>
                         net (fo=1, routed)           0.055     0.183    <hidden>
    SLICE_X95Y67         FDRE                                         r  <hidden>
  -------------------------------------------------------------------    -------------------

Slack:                    inf
  Source:                 <hidden>
                            (rising edge-triggered cell FDRE)
  Destination:            <hidden>
  Path Group:             (none)
  Path Type:              Min at Fast Process Corner
  Data Path Delay:        0.187ns  (logic 0.128ns (68.470%)  route 0.059ns (31.530%))
  Logic Levels:           1  (FDRE=1)

    Location             Delay type                Incr(ns)  Path(ns)    Netlist Resource(s)
  -------------------------------------------------------------------    -------------------
    SLICE_X109Y64        FDRE                         0.000     0.000 r  <hidden>
    SLICE_X109Y64        FDRE (Prop_fdre_C_Q)         0.128     0.128 r  <hidden>
                         net (fo=1, routed)           0.059     0.187    <hidden>
    SLICE_X108Y64        SRL16E                                       r  <hidden>
  -------------------------------------------------------------------    -------------------

Slack:                    inf
  Source:                 <hidden>
                            (rising edge-triggered cell FDRE)
  Destination:            <hidden>
  Path Group:             (none)
  Path Type:              Min at Fast Process Corner
  Data Path Delay:        0.187ns  (logic 0.128ns (68.397%)  route 0.059ns (31.603%))
  Logic Levels:           1  (FDRE=1)

    Location             Delay type                Incr(ns)  Path(ns)    Netlist Resource(s)
  -------------------------------------------------------------------    -------------------
    SLICE_X99Y75         FDRE                         0.000     0.000 r  <hidden>
    SLICE_X99Y75         FDRE (Prop_fdre_C_Q)         0.128     0.128 r  <hidden>
                         net (fo=1, routed)           0.059     0.187    <hidden>
    SLICE_X98Y75         FDRE                                         r  <hidden>
  -------------------------------------------------------------------    -------------------

Slack:                    inf
  Source:                 <hidden>
                            (rising edge-triggered cell FDRE)
  Destination:            <hidden>
  Path Group:             (none)
  Path Type:              Min at Fast Process Corner
  Data Path Delay:        0.187ns  (logic 0.128ns (68.397%)  route 0.059ns (31.603%))
  Logic Levels:           1  (FDRE=1)

    Location             Delay type                Incr(ns)  Path(ns)    Netlist Resource(s)
  -------------------------------------------------------------------    -------------------
    SLICE_X110Y67        FDRE                         0.000     0.000 r  <hidden>
    SLICE_X110Y67        FDRE (Prop_fdre_C_Q)         0.128     0.128 r  <hidden>
                         net (fo=1, routed)           0.059     0.187    <hidden>
    SLICE_X111Y67        FDRE                                         r  <hidden>
  -------------------------------------------------------------------    -------------------

Slack:                    inf
  Source:                 <hidden>
                            (rising edge-triggered cell FDRE)
  Destination:            <hidden>
  Path Group:             (none)
  Path Type:              Min at Fast Process Corner
  Data Path Delay:        0.197ns  (logic 0.141ns (71.611%)  route 0.056ns (28.389%))
  Logic Levels:           1  (FDRE=1)

    Location             Delay type                Incr(ns)  Path(ns)    Netlist Resource(s)
  -------------------------------------------------------------------    -------------------
    SLICE_X113Y85        FDRE                         0.000     0.000 r  <hidden>
    SLICE_X113Y85        FDRE (Prop_fdre_C_Q)         0.141     0.141 r  <hidden>
                         net (fo=1, routed)           0.056     0.197    <hidden>
    SLICE_X112Y85        SRL16E                                       r  <hidden>
  -------------------------------------------------------------------    -------------------

Slack:                    inf
  Source:                 <hidden>
                            (rising edge-triggered cell FDRE)
  Destination:            <hidden>
  Path Group:             (none)
  Path Type:              Min at Fast Process Corner
  Data Path Delay:        0.197ns  (logic 0.141ns (71.611%)  route 0.056ns (28.389%))
  Logic Levels:           1  (FDRE=1)

    Location             Delay type                Incr(ns)  Path(ns)    Netlist Resource(s)
  -------------------------------------------------------------------    -------------------
    SLICE_X107Y69        FDRE                         0.000     0.000 r  <hidden>
    SLICE_X107Y69        FDRE (Prop_fdre_C_Q)         0.141     0.141 r  <hidden>
                         net (fo=1, routed)           0.056     0.197    <hidden>
    SLICE_X107Y69        FDRE                                         r  <hidden>
  -------------------------------------------------------------------    -------------------

Slack:                    inf
  Source:                 <hidden>
                            (rising edge-triggered cell FDRE)
  Destination:            <hidden>
  Path Group:             (none)
  Path Type:              Min at Fast Process Corner
  Data Path Delay:        0.197ns  (logic 0.141ns (71.611%)  route 0.056ns (28.389%))
  Logic Levels:           1  (FDRE=1)

    Location             Delay type                Incr(ns)  Path(ns)    Netlist Resource(s)
  -------------------------------------------------------------------    -------------------
    SLICE_X109Y63        FDRE                         0.000     0.000 r  <hidden>
    SLICE_X109Y63        FDRE (Prop_fdre_C_Q)         0.141     0.141 r  <hidden>
                         net (fo=1, routed)           0.056     0.197    <hidden>
    SLICE_X109Y63        FDRE                                         r  <hidden>
  -------------------------------------------------------------------    -------------------

Slack:                    inf
  Source:                 <hidden>
                            (rising edge-triggered cell FDRE)
  Destination:            <hidden>
  Path Group:             (none)
  Path Type:              Min at Fast Process Corner
  Data Path Delay:        0.197ns  (logic 0.141ns (71.611%)  route 0.056ns (28.389%))
  Logic Levels:           1  (FDRE=1)

    Location             Delay type                Incr(ns)  Path(ns)    Netlist Resource(s)
  -------------------------------------------------------------------    -------------------
    SLICE_X109Y65        FDRE                         0.000     0.000 r  <hidden>
    SLICE_X109Y65        FDRE (Prop_fdre_C_Q)         0.141     0.141 r  <hidden>
                         net (fo=1, routed)           0.056     0.197    <hidden>
    SLICE_X109Y65        FDRE                                         r  <hidden>
  -------------------------------------------------------------------    -------------------

Slack:                    inf
  Source:                 <hidden>
                            (rising edge-triggered cell FDRE)
  Destination:            <hidden>
  Path Group:             (none)
  Path Type:              Min at Fast Process Corner
  Data Path Delay:        0.197ns  (logic 0.141ns (71.611%)  route 0.056ns (28.389%))
  Logic Levels:           1  (FDRE=1)

    Location             Delay type                Incr(ns)  Path(ns)    Netlist Resource(s)
  -------------------------------------------------------------------    -------------------
    SLICE_X111Y63        FDRE                         0.000     0.000 r  <hidden>
    SLICE_X111Y63        FDRE (Prop_fdre_C_Q)         0.141     0.141 r  <hidden>
                         net (fo=1, routed)           0.056     0.197    <hidden>
    SLICE_X111Y63        FDRE                                         r  <hidden>
  -------------------------------------------------------------------    -------------------

Slack:                    inf
  Source:                 <hidden>
                            (rising edge-triggered cell FDRE)
  Destination:            <hidden>
  Path Group:             (none)
  Path Type:              Min at Fast Process Corner
  Data Path Delay:        0.197ns  (logic 0.141ns (71.611%)  route 0.056ns (28.389%))
  Logic Levels:           1  (FDRE=1)

    Location             Delay type                Incr(ns)  Path(ns)    Netlist Resource(s)
  -------------------------------------------------------------------    -------------------
    SLICE_X111Y63        FDRE                         0.000     0.000 r  <hidden>
    SLICE_X111Y63        FDRE (Prop_fdre_C_Q)         0.141     0.141 r  <hidden>
                         net (fo=1, routed)           0.056     0.197    <hidden>
    SLICE_X111Y63        FDRE                                         r  <hidden>
  -------------------------------------------------------------------    -------------------





