Copyright 1986-2022 Xilinx, Inc. All Rights Reserved. Copyright 2022-2024 Advanced Micro Devices, Inc. All Rights Reserved.
---------------------------------------------------------------------------------------------------------------------------------------------
| Tool Version : Vivado v.2024.2 (win64) Build 5239630 Fri Nov 08 22:35:27 MST 2024
| Date         : Thu May  7 12:27:17 2026
| Host         : DESKTOP-PNADBHN running 64-bit major release  (build 9200)
| Command      : report_control_sets -verbose -file fft_freqwin_top_control_sets_placed.rpt
| Design       : fft_freqwin_top
| Device       : xc7z020
---------------------------------------------------------------------------------------------------------------------------------------------

Control Set Information

Table of Contents
-----------------
1. Summary
2. Histogram
3. Flip-Flop Distribution
4. Detailed Control Set Information

1. Summary
----------

+----------------------------------------------------------+-------+
|                          Status                          | Count |
+----------------------------------------------------------+-------+
| Total control sets                                       |    46 |
|    Minimum number of control sets                        |    46 |
|    Addition due to synthesis replication                 |     0 |
|    Addition due to physical synthesis replication        |     0 |
| Unused register locations in slices containing registers |   177 |
+----------------------------------------------------------+-------+
* Control sets can be merged at opt_design using control_set_merge or merge_equivalent_drivers
** Run report_qor_suggestions for automated merging and remapping suggestions


2. Histogram
------------

+--------------------+-------+
|       Fanout       | Count |
+--------------------+-------+
| Total control sets |    46 |
| >= 0 to < 4        |     8 |
| >= 4 to < 6        |    10 |
| >= 6 to < 8        |     4 |
| >= 8 to < 10       |     2 |
| >= 10 to < 12      |    10 |
| >= 12 to < 14      |     0 |
| >= 14 to < 16      |     0 |
| >= 16              |    12 |
+--------------------+-------+
* Control sets can be remapped at either synth_design or opt_design


3. Flip-Flop Distribution
-------------------------

+--------------+-----------------------+------------------------+-----------------+--------------+
| Clock Enable | Synchronous Set/Reset | Asynchronous Set/Reset | Total Registers | Total Slices |
+--------------+-----------------------+------------------------+-----------------+--------------+
| No           | No                    | No                     |             135 |           45 |
| No           | No                    | Yes                    |              61 |           18 |
| No           | Yes                   | No                     |              46 |           22 |
| Yes          | No                    | No                     |            2334 |          592 |
| Yes          | No                    | Yes                    |               8 |            4 |
| Yes          | Yes                   | No                     |             311 |          119 |
+--------------+-----------------------+------------------------+-----------------+--------------+


4. Detailed Control Set Information
-----------------------------------

+----------------+----------------------------------------------------------------------------------------------------------------------------------------+----------------------------------------------------------------------------------------------------------------------------------------------------------------------+------------------+----------------+--------------+
|  Clock Signal  |                                                              Enable Signal                                                             |                                                                           Set/Reset Signal                                                                           | Slice Load Count | Bel Load Count | Bels / Slice |
+----------------+----------------------------------------------------------------------------------------------------------------------------------------+----------------------------------------------------------------------------------------------------------------------------------------------------------------------+------------------+----------------+--------------+
|  clk_IBUF_BUFG |                                                                                                                                        | u_xfft_0/U0/i_synth/non_native_floating_point.xfft_inst/non_floating_point.arch_d.xfft_inst/FLOW/reset_sustain.delay_reset_3/tc_reg_0                                |                1 |              1 |         1.00 |
|  clk_IBUF_BUFG |                                                                                                                                        | u_xfft_0/U0/i_synth/non_native_floating_point.xfft_inst/non_floating_point.arch_d.xfft_inst/FLOW/reset_sustain.resets_4_pes[0].delay_reset_pe/reset_sustained_raw[0] |                1 |              1 |         1.00 |
|  clk_IBUF_BUFG |                                                                                                                                        | u_xfft_0/U0/i_synth/non_native_floating_point.xfft_inst/non_floating_point.arch_d.xfft_inst/FLOW/reset_sustain.resets_4_pes[1].delay_reset_pe/reset_sustained_raw[0] |                1 |              1 |         1.00 |
|  clk_IBUF_BUFG |                                                                                                                                        | u_xfft_0/U0/i_synth/non_native_floating_point.xfft_inst/non_floating_point.arch_d.xfft_inst/FLOW/reset_sustain.resets_4_pes[2].delay_reset_pe/reset_sustained_raw[0] |                1 |              1 |         1.00 |
|  clk_IBUF_BUFG |                                                                                                                                        | u_xfft_0/U0/i_synth/non_native_floating_point.xfft_inst/non_floating_point.arch_d.xfft_inst/FLOW/reset_sustain.resets_4_pes[3].delay_reset_pe/reset_sustained_raw[0] |                1 |              1 |         1.00 |
|  clk_IBUF_BUFG |                                                                                                                                        | u_three_term/xk_valid_out_reg_0                                                                                                                                      |                1 |              1 |         1.00 |
|  clk_IBUF_BUFG | u_xfft_0/U0/i_synth/axi_wrapper/count_ce_3                                                                                             | u_xfft_0/U0/i_synth/axi_wrapper/sclr_w2c                                                                                                                             |                2 |              3 |         1.50 |
|  clk_IBUF_BUFG | u_xfft_0/U0/i_synth/axi_wrapper/has_scale_pipelining.has_tw_scale_reg.tw_scale_reg_ce_6                                                |                                                                                                                                                                      |                3 |              3 |         1.00 |
|  clk_IBUF_BUFG | u_xfft_0/U0/i_synth/axi_wrapper/ce_w2c                                                                                                 | u_xfft_0/U0/i_synth/non_native_floating_point.xfft_inst/non_floating_point.arch_d.xfft_inst/pe_gen[1].pe_reset                                                       |                4 |              4 |         1.00 |
|  clk_IBUF_BUFG | u_xfft_0/U0/i_synth/axi_wrapper/has_scale_pipelining.has_tw_scale_reg.tw_scale_reg_ce_5                                                |                                                                                                                                                                      |                4 |              4 |         1.00 |
|  clk_IBUF_BUFG | u_xfft_0/U0/i_synth/axi_wrapper/ce_w2c                                                                                                 | u_xfft_0/U0/i_synth/non_native_floating_point.xfft_inst/non_floating_point.arch_d.xfft_inst/pe_gen[0].pe_reset                                                       |                4 |              4 |         1.00 |
|  clk_IBUF_BUFG | u_xfft_0/U0/i_synth/axi_wrapper/ce_w2c                                                                                                 | u_xfft_0/U0/i_synth/non_native_floating_point.xfft_inst/non_floating_point.arch_d.xfft_inst/pe_gen[2].pe_reset                                                       |                4 |              4 |         1.00 |
|  clk_IBUF_BUFG | u_xfft_0/U0/i_synth/axi_wrapper/count_ce_4                                                                                             | u_xfft_0/U0/i_synth/axi_wrapper/sclr_w2c                                                                                                                             |                2 |              4 |         2.00 |
|  clk_IBUF_BUFG | u_xfft_0/U0/i_synth/axi_wrapper/config_channel_fifo/gen_non_real_time.data_in_fifo_pt1/wr_enable                                       |                                                                                                                                                                      |                2 |              5 |         2.50 |
|  clk_IBUF_BUFG | u_xfft_0/U0/i_synth/axi_wrapper/count_ce                                                                                               | u_xfft_0/U0/i_synth/axi_wrapper/sclr_w2c                                                                                                                             |                2 |              5 |         2.50 |
|  clk_IBUF_BUFG | u_xfft_0/U0/i_synth/axi_wrapper/has_scale_pipelining.has_tw_scale_reg.tw_scale_reg_ce                                                  |                                                                                                                                                                      |                3 |              5 |         1.67 |
|  clk_IBUF_BUFG | u_xfft_0/U0/i_synth/axi_wrapper/gen_ce_non_real_time.ce_predicted_reg_rep__0_1[0]                                                      | u_xfft_0/U0/i_synth/axi_wrapper/sclr_w2c                                                                                                                             |                2 |              5 |         2.50 |
|  clk_IBUF_BUFG | u_xfft_0/U0/i_synth/axi_wrapper/E[0]                                                                                                   | u_xfft_0/U0/i_synth/axi_wrapper/sclr_w2c                                                                                                                             |                2 |              5 |         2.50 |
|  clk_IBUF_BUFG | u_xfft_0/U0/i_synth/axi_wrapper/ce_w2c                                                                                                 | u_xfft_0/U0/i_synth/axi_wrapper/reset_pipe[1]                                                                                                                        |                5 |              6 |         1.20 |
|  clk_IBUF_BUFG | u_xfft_0/U0/i_synth/axi_wrapper/count_ce_2                                                                                             | u_xfft_0/U0/i_synth/axi_wrapper/sclr_w2c                                                                                                                             |                3 |              6 |         2.00 |
|  clk_IBUF_BUFG | u_xfft_0/U0/i_synth/axi_wrapper/count_ce_0                                                                                             | u_xfft_0/U0/i_synth/axi_wrapper/sclr_w2c                                                                                                                             |                3 |              6 |         2.00 |
|  clk_IBUF_BUFG | u_xfft_0/U0/i_synth/axi_wrapper/count_ce_1                                                                                             | u_xfft_0/U0/i_synth/axi_wrapper/sclr_w2c                                                                                                                             |                3 |              7 |         2.33 |
|  clk_IBUF_BUFG | u_xfft_0/U0/i_synth/axi_wrapper/gen_symbols_out_default.symbols_out_remaining[7]_i_1_n_0                                               | u_xfft_0/U0/i_synth/axi_wrapper/reset_pipe[1]                                                                                                                        |                2 |              8 |         4.00 |
|  clk_IBUF_BUFG | u_three_term/m__0                                                                                                                      | u_three_term/rst_n                                                                                                                                                   |                4 |              8 |         2.00 |
|  clk_IBUF_BUFG | u_xfft_0/U0/i_synth/axi_wrapper/CE                                                                                                     | u_xfft_0/U0/i_synth/non_native_floating_point.xfft_inst/non_floating_point.arch_d.xfft_inst/pe_gen[0].pe_reset                                                       |                5 |             10 |         2.00 |
|  clk_IBUF_BUFG | u_xfft_0/U0/i_synth/axi_wrapper/gen_ce_non_real_time.ce_predicted_reg_rep__0_2                                                         | u_xfft_0/U0/i_synth/non_native_floating_point.xfft_inst/non_floating_point.arch_d.xfft_inst/pe_gen[0].pe_reset                                                       |                4 |             10 |         2.50 |
|  clk_IBUF_BUFG | u_xfft_0/U0/i_synth/axi_wrapper/gen_ce_non_real_time.ce_predicted_reg_rep__0_3                                                         | u_xfft_0/U0/i_synth/non_native_floating_point.xfft_inst/non_floating_point.arch_d.xfft_inst/pe_gen[1].pe_reset                                                       |                4 |             10 |         2.50 |
|  clk_IBUF_BUFG | u_xfft_0/U0/i_synth/axi_wrapper/gen_ce_non_real_time.ce_predicted_reg_rep__0_6                                                         | u_xfft_0/U0/i_synth/non_native_floating_point.xfft_inst/non_floating_point.arch_d.xfft_inst/pe_gen[2].pe_reset                                                       |                4 |             10 |         2.50 |
|  clk_IBUF_BUFG | u_xfft_0/U0/i_synth/axi_wrapper/gen_ce_non_real_time.ce_predicted_reg_rep__0_8                                                         | u_xfft_0/U0/i_synth/axi_wrapper/sclr_w2c                                                                                                                             |                4 |             10 |         2.50 |
|  clk_IBUF_BUFG | u_xfft_0/U0/i_synth/axi_wrapper/gen_ce_non_real_time.ce_predicted_reg_rep__0_5                                                         | u_xfft_0/U0/i_synth/non_native_floating_point.xfft_inst/non_floating_point.arch_d.xfft_inst/pe_gen[2].pe_reset                                                       |                4 |             10 |         2.50 |
|  clk_IBUF_BUFG | u_xfft_0/U0/i_synth/axi_wrapper/gen_ce_non_real_time.ce_predicted_reg_rep__0_4                                                         | u_xfft_0/U0/i_synth/non_native_floating_point.xfft_inst/non_floating_point.arch_d.xfft_inst/pe_gen[1].pe_reset                                                       |                5 |             10 |         2.00 |
|  clk_IBUF_BUFG | u_xfft_0/U0/i_synth/axi_wrapper/gen_ce_non_real_time.ce_predicted_reg_rep__0_7                                                         | u_xfft_0/U0/i_synth/axi_wrapper/sclr_w2c                                                                                                                             |                4 |             10 |         2.50 |
|  clk_IBUF_BUFG | u_xfft_0/U0/i_synth/non_native_floating_point.xfft_inst/non_floating_point.arch_d.xfft_inst/FLOW/proc0_counter/load_cnt_ce             | u_xfft_0/U0/i_synth/axi_wrapper/sclr_w2c                                                                                                                             |                5 |             10 |         2.00 |
|  clk_IBUF_BUFG |                                                                                                                                        | u_xfft_0/U0/i_synth/non_native_floating_point.xfft_inst/non_floating_point.arch_d.xfft_inst/FLOW/reset_sustain.delay_reset_7/tc_reg_0                                |                4 |             11 |         2.75 |
|  clk_IBUF_BUFG | u_xfft_0/U0/i_synth/axi_wrapper/ce_w2c                                                                                                 | u_xfft_0/U0/i_synth/axi_wrapper/sclr_w2c                                                                                                                             |                8 |             16 |         2.00 |
|  clk_IBUF_BUFG | u_xfft_0/U0/i_synth/axi_wrapper/ce_w2c                                                                                                 | u_xfft_0/U0/i_synth/axi_wrapper/SR[0]                                                                                                                                |                9 |             24 |         2.67 |
|  clk_IBUF_BUFG | u_xfft_0/U0/i_synth/axi_wrapper/gen_input_fifo_read_default.data_in_channel_fifo/gen_non_real_time.data_in_fifo_pt1/load_enable_reg[0] | u_xfft_0/U0/i_synth/axi_wrapper/reset_pipe[1]                                                                                                                        |                5 |             24 |         4.80 |
|  clk_IBUF_BUFG | u_xfft_0/U0/i_synth/axi_wrapper/gen_input_fifo_read_default.data_in_channel_fifo/gen_non_real_time.data_in_fifo_pt1/wr_enable          |                                                                                                                                                                      |                3 |             24 |         8.00 |
|  clk_IBUF_BUFG | u_xfft_0/U0/i_synth/axi_wrapper/gen_input_fifo_read_default.data_in_channel_fifo/gen_non_real_time.data_in_fifo_pt1/E[0]               | u_xfft_0/U0/i_synth/axi_wrapper/reset_pipe[1]                                                                                                                        |                5 |             24 |         4.80 |
|  clk_IBUF_BUFG |                                                                                                                                        | u_xfft_0/U0/i_synth/axi_wrapper/reset_pipe[1]                                                                                                                        |               12 |             29 |         2.42 |
|  clk_IBUF_BUFG | u_xfft_0/U0/i_synth/axi_wrapper/data_out_channel/data_out_fifo_write                                                                   |                                                                                                                                                                      |                5 |             33 |         6.60 |
|  clk_IBUF_BUFG | u_three_term/E[0]                                                                                                                      | u_three_term/rst_n                                                                                                                                                   |               10 |             33 |         3.30 |
|  clk_IBUF_BUFG | u_three_term/xk_last_out_reg_0[0]                                                                                                      | u_three_term/rst_n                                                                                                                                                   |                5 |             33 |         6.60 |
|  clk_IBUF_BUFG |                                                                                                                                        | u_three_term/rst_n                                                                                                                                                   |               18 |             61 |         3.39 |
|  clk_IBUF_BUFG |                                                                                                                                        |                                                                                                                                                                      |               51 |            158 |         3.10 |
|  clk_IBUF_BUFG | u_xfft_0/U0/i_synth/axi_wrapper/ce_w2c                                                                                                 |                                                                                                                                                                      |              582 |           2878 |         4.95 |
+----------------+----------------------------------------------------------------------------------------------------------------------------------------+----------------------------------------------------------------------------------------------------------------------------------------------------------------------+------------------+----------------+--------------+


